0,4,5,60,89,22
0,4,13,60,89,22
0,8,1,60,89,14
0,8,9,60,89,14
120,1,2,60,89,720
120,1,10,60,89,720
120,5,6,48,89,900
120,5,14,48,89,900
120,9,2,60,110,3600
120,9,10,60,110,3600
120,13,6,60,89,720
120,13,14,60,89,720
240,2,3,53,89,22
240,2,11,53,89,22
240,10,3,65,89,43
240,10,11,65,89,43
240,14,7,55,89,14
240,14,15,55,89,14
360,3,4,60,89,2400
360,3,12,60,89,2400
360,7,8,55,48,1200
360,7,16,55,48,1200
360,15,8,67,89,2400
360,15,16,67,89,2400
480,8,1,60,110,450
480,8,9,60,110,450
480,14,7,60,48,300
480,14,15,60,48,300
600,2,3,60,48,300
600,2,11,60,48,300
720,4,5,60,48,180
720,4,13,60,48,180
1200,6,7,60,69,1200
1200,6,15,60,69,1200
1680,8,1,72,89,180
1680,8,9,72,89,180
1680,14,7,67,89,480
1680,14,15,67,89,480
1800,2,3,60,89,360
1800,2,11,60,89,360
1800,11,4,67,48,150
1800,11,12,67,48,150
1920,12,5,60,69,240
1920,12,13,60,69,240
2040,1,2,55,89,720
2040,1,10,55,89,720
2040,13,6,53,89,540
2040,13,14,53,89,540
2160,8,1,60,48,90
2160,8,9,60,48,90
2160,14,7,60,69,180
2160,14,7,60,69,180
2160,14,7,67,69,180
2160,14,15,60,69,180
2160,14,15,60,69,180
2160,14,15,67,69,180
2280,2,3,55,48,180
2280,2,3,60,48,180
2280,2,3,60,48,180
2280,2,11,55,48,180
2280,2,11,60,48,180
2280,2,11,60,48,180
2280,11,4,60,48,1500
2280,11,4,60,48,1500
2280,11,4,67,48,1500
2280,11,12,60,48,1500
2280,11,12,60,48,1500
2280,11,12,67,48,1500
2400,4,5,72,89,270
2400,4,13,72,89,270
2640,14,7,67,110,180
2640,14,15,67,110,180
2880,2,3,65,110,90
2880,2,11,65,110,90
2880,8,1,67,89,45
2880,8,9,67,89,45
2880,10,3,60,89,360
2880,10,11,60,89,360
3000,1,2,48,110,180
3000,1,10,48,110,180
3000,5,6,60,89,90
3000,5,14,60,89,90
3000,14,7,60,89,240
3000,14,15,60,89,240
3120,4,5,65,89,22
3120,4,13,65,89,22
3240,2,3,60,89,240
3240,2,11,60,89,240
3240,8,1,72,89,300
3240,8,9,72,89,300
3360,10,3,60,89,240
3360,10,11,60,89,240
3480,5,6,60,89,450
3480,5,14,60,89,450
3480,14,7,65,69,240
3480,14,15,65,69,240
3720,2,3,60,89,240
3720,2,11,60,89,240
3720,7,8,55,89,300
3720,7,16,55,89,300
3720,14,7,60,89,29
3720,14,15,60,89,29
3840,4,5,72,110,180
3840,4,13,72,110,180
3840,12,5,67,89,720
3840,12,13,67,89,720
3960,1,2,60,89,270
3960,1,10,60,89,270
3960,2,3,55,89,29
3960,2,11,55,89,29
3960,13,6,53,89,360
3960,13,6,55,89,360
3960,13,6,60,89,360
3960,13,14,53,89,360
3960,13,14,55,89,360
3960,13,14,60,89,360
4200,15,8,60,89,2400
4200,15,16,60,89,2400
4320,10,3,60,69,360
4320,10,11,60,69,360
4440,8,1,67,110,120
4440,8,9,67,110,120
4560,14,7,60,89,240
4560,14,7,65,89,240
4560,14,7,67,89,240
4560,14,15,60,89,240
4560,14,15,65,89,240
4560,14,15,67,89,240
4680,8,1,60,89,60
4680,8,9,60,89,60
4920,2,3,60,89,360
4920,2,3,60,89,360
4920,2,3,60,89,360
4920,2,11,60,89,360
4920,2,11,60,89,360
4920,2,11,60,89,360
4920,8,1,60,89,150
4920,8,9,60,89,150
5040,10,3,55,89,1200
5040,10,11,55,89,1200
5040,14,7,55,48,180
5040,14,15,55,48,180
5280,0,1,60,48,360
5280,0,9,60,48,360
5400,1,2,60,48,1440
5400,1,10,60,48,1440
5400,2,3,53,89,180
5400,2,11,53,89,180
5520,14,7,67,69,270
5520,14,15,67,69,270
5760,12,5,72,69,360
5760,12,13,72,69,360
5880,5,6,55,89,1350
5880,5,6,60,89,1350
5880,5,6,60,89,1350
5880,5,14,55,89,1350
5880,5,14,60,89,1350
5880,5,14,60,89,1350
5880,11,4,55,89,600
5880,11,12,55,89,600
5880,13,6,55,69,1800
5880,13,14,55,69,1800
5880,14,7,60,89,240
5880,14,7,60,89,240
5880,14,7,67,89,240
5880,14,15,60,89,240
5880,14,15,60,89,240
5880,14,15,67,89,240
6120,2,3,55,89,90
6120,2,11,55,89,90
6120,3,4,67,89,144
6120,3,12,67,89,144
6240,0,1,65,89,120
6240,0,9,65,89,120
6480,2,3,60,89,600
6480,2,11,60,89,600
6600,14,7,67,89,14
6600,14,15,67,89,14
6840,14,7,60,89,300
6840,14,15,60,89,300
6960,4,5,72,89,180
6960,4,13,72,89,180
7200,0,1,60,69,180
7200,0,9,60,69,180
7320,8,1,60,110,120
7320,8,9,60,110,120
7440,10,3,55,69,540
7440,10,11,55,69,540
7560,8,1,65,89,7
7560,8,9,65,89,7
7560,11,4,67,69,300
7560,11,12,67,69,300
7800,8,1,67,48,60
7800,8,9,67,48,60
7920,2,3,65,89,14
7920,2,11,65,89,14
7920,4,5,60,69,90
7920,4,13,60,69,90
7920,6,7,60,69,720
7920,6,7,60,69,720
7920,6,7,60,69,720
7920,6,15,60,69,720
7920,6,15,60,69,720
7920,6,15,60,69,720
8040,11,4,60,110,600
8040,11,4,60,110,600
8040,11,4,67,110,600
8040,11,12,60,110,600
8040,11,12,60,110,600
8040,11,12,67,110,600
8040,14,7,65,89,480
8040,14,15,65,89,480
8160,2,3,60,89,90
8160,2,11,60,89,90
8160,10,3,60,89,29
8160,10,11,60,89,29
8280,5,6,60,110,360
8280,5,14,60,110,360
8280,8,1,72,89,180
8280,8,9,72,89,180
8520,2,3,55,89,360
8520,2,3,60,89,360
8520,2,3,60,89,360
8520,2,11,55,89,360
8520,2,11,60,89,360
8520,2,11,60,89,360
8520,14,7,60,69,180
8520,14,15,60,69,180
8760,8,1,72,110,90
8760,8,9,72,110,90
8880,6,7,55,89,720
8880,6,15,55,89,720
9000,2,3,55,69,180
9000,2,11,55,69,180
9000,8,1,60,89,14
9000,8,9,60,89,14
9000,14,7,67,69,90
9000,14,15,67,69,90
9360,14,7,55,89,240
9360,14,15,55,89,240
9480,8,1,67,69,45
9480,8,9,67,69,45
9480,11,4,67,89,150
9480,11,12,67,89,150
9720,2,3,60,48,180
9720,2,3,60,48,180
9720,2,3,60,48,180
9720,2,11,60,48,180
9720,2,11,60,48,180
9720,2,11,60,48,180
9720,9,2,60,89,1080
9720,9,10,60,89,1080
9840,8,1,60,89,180
9840,8,9,60,89,180
9840,14,7,60,89,360
9840,14,15,60,89,360
9960,5,6,60,89,90
9960,5,14,60,89,90
9960,11,4,60,89,1500
9960,11,12,60,89,1500
10080,2,3,60,89,240
10080,2,11,60,89,240
10200,14,7,67,89,14
10200,14,15,67,89,14
10320,8,1,72,89,90
10320,8,9,72,89,90
10440,5,6,53,89,180
10440,5,14,53,89,180
10440,14,7,60,69,300
10440,14,7,60,69,300
10440,14,7,67,69,300
10440,14,15,60,69,300
10440,14,15,60,69,300
10440,14,15,67,69,300
10680,13,6,55,110,1800
10680,13,6,60,110,1800
10680,13,6,60,110,1800
10680,13,14,55,110,1800
10680,13,14,60,110,1800
10680,13,14,60,110,1800
10800,2,3,60,89,22
10800,2,11,60,89,22
11040,8,1,60,110,135
11040,8,9,60,110,135
11160,2,3,55,89,270
11160,2,3,60,89,270
11160,2,3,60,89,270
11160,2,11,55,89,270
11160,2,11,60,89,270
11160,2,11,60,89,270
11400,8,1,60,89,300
11400,8,9,60,89,300
11520,2,3,55,89,480
11520,2,11,55,89,480
11520,4,5,72,89,22
11520,4,13,72,89,22
12000,2,3,65,69,180
12000,2,11,65,69,180
12000,10,3,55,48,360
12000,10,11,55,48,360
12120,14,7,67,89,270
12120,14,15,67,89,270
12240,4,5,67,110,240
12240,4,13,67,110,240
12480,2,3,60,110,90
12480,2,11,60,110,90
12600,8,1,72,110,135
12600,8,9,72,110,135
12840,2,3,55,89,240
12840,2,11,55,89,240
12960,8,1,60,89,60
12960,8,9,60,89,60
12960,14,7,65,48,270
12960,14,15,65,48,270
13080,1,2,48,89,360
13080,1,2,55,89,360
13080,1,2,60,89,360
13080,1,10,48,89,360
13080,1,10,55,89,360
13080,1,10,60,89,360
13080,11,4,55,110,300
13080,11,12,55,110,300
13200,8,1,60,48,45
13200,8,9,60,48,45
13320,14,7,65,89,240
13320,14,15,65,89,240
13440,0,1,67,69,720
13440,0,9,67,69,720
13440,10,3,60,110,540
13440,10,3,60,110,540
13440,10,3,65,110,540
13440,10,11,60,110,540
13440,10,11,60,110,540
13440,10,11,65,110,540
13560,11,4,60,48,600
13560,11,4,60,48,600
13560,11,4,67,48,600
13560,11,12,60,48,600
13560,11,12,60,48,600
13560,11,12,67,48,600
13800,5,6,55,48,900
13800,5,6,60,48,900
13800,5,6,60,48,900
13800,5,14,55,48,900
13800,5,14,60,48,900
13800,5,14,60,48,900
13800,14,7,60,48,240
13800,14,15,60,48,240
13920,2,3,53,89,120
13920,2,11,53,89,120
14040,14,7,55,89,22
14040,14,15,55,89,22
14160,4,5,72,110,270
14160,4,13,72,110,270
14160,10,3,60,89,480
14160,10,11,60,89,480
14400,2,3,55,89,480
14400,2,11,55,89,480
14400,14,7,67,89,120
14400,14,15,67,89,120
14760,8,1,65,110,120
14760,8,9,65,110,120
14760,15,8,72,48,1200
14760,15,16,72,48,1200
14880,0,1,60,89,29
14880,0,9,60,89,29
14880,12,5,65,89,480
14880,12,13,65,89,480
14880,14,7,60,89,480
14880,14,7,65,89,480
14880,14,7,67,89,480
14880,14,15,60,89,480
14880,14,15,65,89,480
14880,14,15,67,89,480
15000,8,1,72,89,11
15000,8,9,72,89,11
15120,10,3,60,110,480
15120,10,11,60,110,480
