0,4,5,60,89,22
0,4,13,60,89,22
120,1,2,60,89,720
120,1,10,60,89,720
120,5,6,48,89,900
120,5,14,48,89,900
240,2,3,53,89,22
240,2,11,53,89,22
360,3,4,60,89,2400
360,3,12,60,89,2400
360,7,8,55,48,1200
360,7,16,55,48,1200
600,2,3,60,48,300
600,2,11,60,48,300
720,4,5,60,48,180
720,4,13,60,48,180
1200,6,7,60,69,1200
1200,6,15,60,69,1200
1800,2,3,60,89,360
1800,2,11,60,89,360
2040,1,2,55,89,720
2040,1,10,55,89,720
2280,2,3,55,48,180
2280,2,3,60,48,180
2280,2,3,60,48,180
2280,2,11,55,48,180
2280,2,11,60,48,180
2280,2,11,60,48,180
2400,4,5,72,89,270
2400,4,13,72,89,270
2880,2,3,65,110,90
2880,2,11,65,110,90
3000,1,2,48,110,180
3000,1,10,48,110,180
3000,5,6,60,89,90
3000,5,14,60,89,90
3120,4,5,65,89,22
3120,4,13,65,89,22
3240,2,3,60,89,240
3240,2,11,60,89,240
3480,5,6,60,89,450
3480,5,14,60,89,450
3720,2,3,60,89,240
3720,2,11,60,89,240
3720,7,8,55,89,300
3720,7,16,55,89,300
3840,4,5,72,110,180
3840,4,13,72,110,180
3960,1,2,60,89,270
3960,1,10,60,89,270
3960,2,3,55,89,29
3960,2,11,55,89,29
4920,2,3,60,89,360
4920,2,3,60,89,360
4920,2,3,60,89,360
4920,2,11,60,89,360
4920,2,11,60,89,360
4920,2,11,60,89,360
5280,0,1,60,48,360
5280,0,9,60,48,360
5400,1,2,60,48,1440
5400,1,10,60,48,1440
5400,2,3,53,89,180
5400,2,11,53,89,180
5880,5,6,55,89,1350
5880,5,6,60,89,1350
5880,5,6,60,89,1350
5880,5,14,55,89,1350
5880,5,14,60,89,1350
5880,5,14,60,89,1350
6120,2,3,55,89,90
6120,2,11,55,89,90
6120,3,4,67,89,144
6120,3,12,67,89,144
6240,0,1,65,89,120
6240,0,9,65,89,120
6480,2,3,60,89,600
6480,2,11,60,89,600
6960,4,5,72,89,180
6960,4,13,72,89,180
7200,0,1,60,69,180
7200,0,9,60,69,180
7920,2,3,65,89,14
7920,2,11,65,89,14
7920,4,5,60,69,90
7920,4,13,60,69,90
7920,6,7,60,69,720
7920,6,7,60,69,720
7920,6,7,60,69,720
7920,6,15,60,69,720
7920,6,15,60,69,720
7920,6,15,60,69,720
8160,2,3,60,89,90
8160,2,11,60,89,90
8280,5,6,60,110,360
8280,5,14,60,110,360
8520,2,3,55,89,360
8520,2,3,60,89,360
8520,2,3,60,89,360
8520,2,11,55,89,360
8520,2,11,60,89,360
8520,2,11,60,89,360
8880,6,7,55,89,720
8880,6,15,55,89,720
9000,2,3,55,69,180
9000,2,11,55,69,180
9720,2,3,60,48,180
9720,2,3,60,48,180
9720,2,3,60,48,180
9720,2,11,60,48,180
9720,2,11,60,48,180
9720,2,11,60,48,180
9960,5,6,60,89,90
9960,5,14,60,89,90
10080,2,3,60,89,240
10080,2,11,60,89,240
10440,5,6,53,89,180
10440,5,14,53,89,180
10800,2,3,60,89,22
10800,2,11,60,89,22
11160,2,3,55,89,270
11160,2,3,60,89,270
11160,2,3,60,89,270
11160,2,11,55,89,270
11160,2,11,60,89,270
11160,2,11,60,89,270
11520,2,3,55,89,480
11520,2,11,55,89,480
11520,4,5,72,89,22
11520,4,13,72,89,22
12000,2,3,65,69,180
12000,2,11,65,69,180
12240,4,5,67,110,240
12240,4,13,67,110,240
12480,2,3,60,110,90
12480,2,11,60,110,90
12840,2,3,55,89,240
12840,2,11,55,89,240
13080,1,2,48,89,360
13080,1,2,55,89,360
13080,1,2,60,89,360
13080,1,10,48,89,360
13080,1,10,55,89,360
13080,1,10,60,89,360
13440,0,1,67,69,720
13440,0,9,67,69,720
13800,5,6,55,48,900
13800,5,6,60,48,900
13800,5,6,60,48,900
13800,5,14,55,48,900
13800,5,14,60,48,900
13800,5,14,60,48,900
13920,2,3,53,89,120
13920,2,11,53,89,120
14160,4,5,72,110,270
14160,4,13,72,110,270
14400,2,3,55,89,480
14400,2,11,55,89,480
14880,0,1,60,89,29
14880,0,9,60,89,29
