0,0,1,60,69,360
0,1,2,62,69,360
0,2,3,64,69,360
0,3,4,66,69,360
0,4,5,68,69,360
0,5,6,70,69,360
0,7,8,74,69,360
0,8,9,76,69,360
0,9,10,78,69,360
0,10,11,80,69,360
0,11,12,82,69,360
0,13,14,86,69,360
0,14,15,88,69,360
0,15,16,90,69,360
720,1,2,64,69,360
720,2,3,66,69,360
720,3,4,68,69,360
720,4,5,70,69,360
720,5,6,72,69,360
720,6,7,74,69,360
720,7,8,76,69,360
720,9,10,80,69,360
720,10,11,82,69,360
720,12,13,86,69,360
720,13,14,88,69,360
720,14,15,90,69,360
720,15,16,92,69,360
1440,1,2,66,69,360
1440,3,4,70,69,360
1440,4,5,72,69,360
1440,5,6,74,69,360
1440,7,8,78,69,360
1440,9,10,82,69,360
1440,10,11,84,69,360
1440,11,12,86,69,360
1440,12,13,88,69,360
1440,13,14,90,69,360
1440,15,16,94,69,360
2160,0,1,65,69,360
2160,1,2,67,69,360
2160,2,3,69,69,360
2160,3,4,71,69,360
2160,4,5,73,69,360
2160,5,6,75,69,360
2160,6,7,77,69,360
2160,7,8,79,69,360
2160,8,9,81,69,360
2160,9,10,83,69,360
2160,10,11,85,69,360
2160,11,12,87,69,360
2160,12,13,89,69,360
2160,13,14,91,69,360
2160,14,15,93,69,360
2160,15,16,95,69,360
2880,0,1,67,69,360
2880,1,2,69,69,360
2880,2,3,71,69,360
2880,3,4,73,69,360
2880,4,5,75,69,360
2880,5,6,77,69,360
2880,6,7,79,69,360
2880,7,8,81,69,360
2880,9,10,85,69,360
2880,10,11,87,69,360
2880,11,12,89,69,360
2880,12,13,91,69,360
2880,13,14,93,69,360
2880,14,15,95,69,360
2880,15,16,97,69,360
3600,0,1,69,69,360
3600,1,2,71,69,360
3600,2,3,73,69,360
3600,3,4,75,69,360
3600,4,5,77,69,360
3600,5,6,79,69,360
3600,6,7,81,69,360
3600,7,8,83,69,360
3600,8,9,85,69,360
3600,9,10,87,69,360
3600,10,11,89,69,360
3600,11,12,91,69,360
3600,12,13,93,69,360
3600,14,15,97,69,360
4320,0,1,71,69,360
4320,1,2,73,69,360
4320,2,3,75,69,360
4320,3,4,77,69,360
4320,8,9,87,69,360
4320,10,11,91,69,360
4320,11,12,93,69,360
4320,12,13,95,69,360
4320,13,14,97,69,360
4320,14,15,99,69,360
4320,15,16,101,69,360
5040,0,1,72,69,360
5040,1,2,74,69,360
5040,2,3,76,69,360
5040,3,4,78,69,360
5040,4,5,80,69,360
5040,5,6,82,69,360
5040,6,7,84,69,360
5040,9,10,90,69,360
5040,10,11,92,69,360
5040,11,12,94,69,360
5040,12,13,96,69,360
5040,13,14,98,69,360
5040,14,15,100,69,360
5760,0,1,60,69,360
5760,1,2,62,69,360
5760,2,3,64,69,360
5760,3,4,66,69,360
5760,5,6,70,69,360
5760,6,7,72,69,360
5760,7,8,74,69,360
5760,8,9,76,69,360
5760,9,10,78,69,360
5760,10,11,80,69,360
5760,11,12,82,69,360
5760,13,14,86,69,360
5760,14,15,88,69,360
6480,0,1,62,69,360
6480,2,3,66,69,360
6480,3,4,68,69,360
6480,4,5,70,69,360
6480,6,7,74,69,360
6480,8,9,78,69,360
6480,9,10,80,69,360
6480,10,11,82,69,360
6480,11,12,84,69,360
6480,12,13,86,69,360
6480,14,15,90,69,360
7200,2,3,68,69,360
7200,3,4,70,69,360
7200,4,5,72,69,360
7200,5,6,74,69,360
7200,6,7,76,69,360
7200,7,8,78,69,360
7200,8,9,80,69,360
7200,9,10,82,69,360
7200,10,11,84,69,360
7200,11,12,86,69,360
7200,12,13,88,69,360
7200,13,14,90,69,360
7200,14,15,92,69,360
7920,0,1,65,69,360
7920,2,3,69,69,360
7920,3,4,71,69,360
7920,4,5,73,69,360
7920,5,6,75,69,360
7920,6,7,77,69,360
7920,7,8,79,69,360
7920,8,9,81,69,360
7920,9,10,83,69,360
7920,11,12,87,69,360
7920,13,14,91,69,360
7920,14,15,93,69,360
7920,15,16,95,69,360
8640,0,1,67,69,360
8640,2,3,71,69,360
8640,3,4,73,69,360
8640,4,5,75,69,360
8640,5,6,77,69,360
8640,9,10,85,69,360
8640,10,11,87,69,360
8640,11,12,89,69,360
8640,12,13,91,69,360
8640,13,14,93,69,360
8640,14,15,95,69,360
9360,2,3,73,69,360
9360,3,4,75,69,360
9360,4,5,77,69,360
9360,5,6,79,69,360
9360,6,7,81,69,360
9360,7,8,83,69,360
9360,8,9,85,69,360
9360,9,10,87,69,360
9360,10,11,89,69,360
9360,11,12,91,69,360
9360,13,14,95,69,360
9360,14,15,97,69,360
9360,15,16,99,69,360
10080,0,1,71,69,360
10080,2,3,75,69,360
10080,3,4,77,69,360
10080,4,5,79,69,360
10080,5,6,81,69,360
10080,6,7,83,69,360
10080,7,8,85,69,360
10080,9,10,89,69,360
10080,10,11,91,69,360
10080,11,12,93,69,360
10080,13,14,97,69,360
10080,14,15,99,69,360
10800,0,1,72,69,360
10800,2,3,76,69,360
10800,3,4,78,69,360
10800,5,6,82,69,360
10800,7,8,86,69,360
10800,8,9,88,69,360
10800,9,10,90,69,360
10800,10,11,92,69,360
10800,11,12,94,69,360
10800,12,13,96,69,360
10800,14,15,100,69,360
10800,15,16,102,69,360
11520,0,1,60,69,360
11520,1,2,62,69,360
11520,2,3,64,69,360
11520,3,4,66,69,360
11520,4,5,68,69,360
11520,5,6,70,69,360
11520,6,7,72,69,360
11520,7,8,74,69,360
11520,9,10,78,69,360
11520,11,12,82,69,360
11520,13,14,86,69,360
11520,14,15,88,69,360
11520,15,16,90,69,360
12240,1,2,64,69,360
12240,2,3,66,69,360
12240,3,4,68,69,360
12240,4,5,70,69,360
12240,5,6,72,69,360
12240,7,8,76,69,360
12240,9,10,80,69,360
12240,10,11,82,69,360
12240,11,12,84,69,360
12240,12,13,86,69,360
12240,13,14,88,69,360
12240,14,15,90,69,360
12240,15,16,92,69,360
12960,2,3,68,69,360
12960,4,5,72,69,360
12960,5,6,74,69,360
12960,8,9,80,69,360
12960,9,10,82,69,360
12960,10,11,84,69,360
12960,11,12,86,69,360
12960,12,13,88,69,360
12960,13,14,90,69,360
12960,14,15,92,69,360
13680,0,1,65,69,360
13680,1,2,67,69,360
13680,2,3,69,69,360
13680,3,4,71,69,360
13680,4,5,73,69,360
13680,5,6,75,69,360
13680,8,9,81,69,360
13680,9,10,83,69,360
13680,11,12,87,69,360
13680,12,13,89,69,360
13680,14,15,93,69,360
14400,0,1,67,69,360
14400,1,2,69,69,360
14400,2,3,71,69,360
14400,3,4,73,69,360
14400,5,6,77,69,360
14400,9,10,85,69,360
14400,10,11,87,69,360
14400,11,12,89,69,360
14400,12,13,91,69,360
14400,14,15,95,69,360
14400,15,16,97,69,360
15120,1,2,71,69,360
15120,2,3,73,69,360
15120,3,4,75,69,360
15120,5,6,79,69,360
15120,8,9,85,69,360
15120,9,10,87,69,360
15120,10,11,89,69,360
15120,12,13,93,69,360
15120,13,14,95,69,360
15120,15,16,99,69,360
